<?php return array (
  0 => 'Symfony\\Bundle\\FrameworkBundle\\Controller\\AbstractController',
  1 => 'App\\Controller\\CategorieController',
  2 => 'App\\Controller\\CoursFormationController',
  3 => 'App\\Controller\\FormationController',
  4 => 'App\\Controller\\HomeController',
  5 => 'App\\Entity\\Categorie',
  6 => 'App\\Entity\\Club',
  7 => 'App\\Entity\\Cours',
  8 => 'App\\Entity\\DoctrineMigrationVersions',
  9 => 'App\\Entity\\Equipements',
  10 => 'App\\Entity\\Event',
  11 => 'App\\Entity\\Formation',
  12 => 'App\\Entity\\MessengerMessages',
  13 => 'App\\Entity\\Paiement',
  14 => 'App\\Entity\\Questions',
  15 => 'App\\Entity\\Quiz',
  16 => 'App\\Entity\\Reclamation',
  17 => 'App\\Entity\\Remise',
  18 => 'App\\Entity\\Reponse',
  19 => 'App\\Entity\\Salle',
  20 => 'App\\Entity\\User',
  21 => 'Doctrine\\Bundle\\DoctrineBundle\\Controller\\ProfilerController',
  22 => 'Doctrine\\ORM\\Cache\\Persister\\Entity\\AbstractEntityPersister',
  23 => 'Doctrine\\ORM\\Cache\\Persister\\Entity\\CachedEntityPersister',
  24 => 'Doctrine\\ORM\\Cache\\Persister\\Entity\\NonStrictReadWriteCachedEntityPersister',
  25 => 'Doctrine\\ORM\\Cache\\Persister\\Entity\\ReadOnlyCachedEntityPersister',
  26 => 'Doctrine\\ORM\\Cache\\Persister\\Entity\\ReadWriteCachedEntityPersister',
  27 => 'Doctrine\\ORM\\Persisters\\Entity\\AbstractEntityInheritancePersister',
  28 => 'Doctrine\\ORM\\Persisters\\Entity\\BasicEntityPersister',
  29 => 'Doctrine\\ORM\\Persisters\\Entity\\CachedPersisterContext',
  30 => 'Doctrine\\ORM\\Persisters\\Entity\\EntityPersister',
  31 => 'Doctrine\\ORM\\Persisters\\Entity\\JoinedSubclassPersister',
  32 => 'Doctrine\\ORM\\Persisters\\Entity\\SingleTablePersister',
  34 => 'Symfony\\Bundle\\FrameworkBundle\\Controller\\ControllerResolver',
  35 => 'Symfony\\Bundle\\FrameworkBundle\\Controller\\RedirectController',
  36 => 'Symfony\\Bundle\\FrameworkBundle\\Controller\\TemplateController',
  37 => 'Symfony\\Bundle\\WebProfilerBundle\\Controller\\ExceptionPanelController',
  38 => 'Symfony\\Bundle\\WebProfilerBundle\\Controller\\ProfilerController',
  39 => 'Symfony\\Bundle\\WebProfilerBundle\\Controller\\RouterController',
  40 => 'Symfony\\Component\\HttpKernel\\Controller\\ArgumentResolver',
  41 => 'Symfony\\Component\\HttpKernel\\Controller\\ArgumentResolverInterface',
  42 => 'Symfony\\Component\\HttpKernel\\Controller\\ArgumentResolver\\DefaultValueResolver',
  43 => 'Symfony\\Component\\HttpKernel\\Controller\\ArgumentResolver\\NotTaggedControllerValueResolver',
  44 => 'Symfony\\Component\\HttpKernel\\Controller\\ArgumentResolver\\RequestAttributeValueResolver',
  45 => 'Symfony\\Component\\HttpKernel\\Controller\\ArgumentResolver\\RequestValueResolver',
  46 => 'Symfony\\Component\\HttpKernel\\Controller\\ArgumentResolver\\ServiceValueResolver',
  47 => 'Symfony\\Component\\HttpKernel\\Controller\\ArgumentResolver\\SessionValueResolver',
  48 => 'Symfony\\Component\\HttpKernel\\Controller\\ArgumentResolver\\TraceableValueResolver',
  49 => 'Symfony\\Component\\HttpKernel\\Controller\\ArgumentResolver\\VariadicValueResolver',
  50 => 'Symfony\\Component\\HttpKernel\\Controller\\ArgumentValueResolverInterface',
  51 => 'Symfony\\Component\\HttpKernel\\Controller\\ContainerControllerResolver',
  52 => 'Symfony\\Component\\HttpKernel\\Controller\\ControllerReference',
  53 => 'Symfony\\Component\\HttpKernel\\Controller\\ControllerResolver',
  54 => 'Symfony\\Component\\HttpKernel\\Controller\\ControllerResolverInterface',
  55 => 'Symfony\\Component\\HttpKernel\\Controller\\ErrorController',
  56 => 'Symfony\\Component\\HttpKernel\\Controller\\TraceableArgumentResolver',
  57 => 'Symfony\\Component\\HttpKernel\\Controller\\TraceableControllerResolver',
  58 => 'Symfony\\Component\\Security\\Http\\Controller\\UserValueResolver',
  59 => 'Vich\\UploaderBundle\\Entity\\File',
);