<?php return array (
  0 => 'Symfony\\Bundle\\FrameworkBundle\\Controller\\AbstractController',
  1 => 'App\\Controller\\ClubController',
  2 => 'App\\Controller\\EventController',
  3 => 'App\\Controller\\HomeController',
  4 => 'App\\Controller\\InscriptionController',
  5 => 'App\\Controller\\NoteController',
  6 => 'App\\Controller\\QuestionsController',
  7 => 'App\\Controller\\QuizController',
  8 => 'App\\Controller\\ReclamationController',
  9 => 'App\\Controller\\RegistrationController',
  10 => 'App\\Controller\\ReponseController',
  11 => 'App\\Controller\\SecurityController',
  12 => 'App\\Controller\\UserController',
  13 => 'App\\Entity\\Categorie',
  14 => 'App\\Entity\\Club',
  15 => 'App\\Entity\\Cours',
  16 => 'App\\Entity\\Equipements',
  17 => 'App\\Entity\\Event',
  18 => 'App\\Entity\\Formation',
  19 => 'App\\Entity\\Questions',
  20 => 'App\\Entity\\Quiz',
  21 => 'App\\Entity\\Reclamation',
  22 => 'App\\Entity\\Reponse',
  23 => 'App\\Entity\\Salle',
  24 => 'App\\Entity\\User',
  25 => 'Doctrine\\Bundle\\DoctrineBundle\\Controller\\ProfilerController',
  26 => 'Doctrine\\ORM\\Cache\\Persister\\Entity\\AbstractEntityPersister',
  27 => 'Doctrine\\ORM\\Cache\\Persister\\Entity\\CachedEntityPersister',
  28 => 'Doctrine\\ORM\\Cache\\Persister\\Entity\\NonStrictReadWriteCachedEntityPersister',
  29 => 'Doctrine\\ORM\\Cache\\Persister\\Entity\\ReadOnlyCachedEntityPersister',
  30 => 'Doctrine\\ORM\\Cache\\Persister\\Entity\\ReadWriteCachedEntityPersister',
  31 => 'Doctrine\\ORM\\Persisters\\Entity\\AbstractEntityInheritancePersister',
  32 => 'Doctrine\\ORM\\Persisters\\Entity\\BasicEntityPersister',
  33 => 'Doctrine\\ORM\\Persisters\\Entity\\CachedPersisterContext',
  34 => 'Doctrine\\ORM\\Persisters\\Entity\\EntityPersister',
  35 => 'Doctrine\\ORM\\Persisters\\Entity\\JoinedSubclassPersister',
  36 => 'Doctrine\\ORM\\Persisters\\Entity\\SingleTablePersister',
  38 => 'Symfony\\Bundle\\FrameworkBundle\\Controller\\ControllerResolver',
  39 => 'Symfony\\Bundle\\FrameworkBundle\\Controller\\RedirectController',
  40 => 'Symfony\\Bundle\\FrameworkBundle\\Controller\\TemplateController',
  41 => 'Symfony\\Bundle\\WebProfilerBundle\\Controller\\ExceptionPanelController',
  42 => 'Symfony\\Bundle\\WebProfilerBundle\\Controller\\ProfilerController',
  43 => 'Symfony\\Bundle\\WebProfilerBundle\\Controller\\RouterController',
  44 => 'Symfony\\Component\\HttpKernel\\Controller\\ArgumentResolver',
  45 => 'Symfony\\Component\\HttpKernel\\Controller\\ArgumentResolverInterface',
  46 => 'Symfony\\Component\\HttpKernel\\Controller\\ArgumentResolver\\DefaultValueResolver',
  47 => 'Symfony\\Component\\HttpKernel\\Controller\\ArgumentResolver\\NotTaggedControllerValueResolver',
  48 => 'Symfony\\Component\\HttpKernel\\Controller\\ArgumentResolver\\RequestAttributeValueResolver',
  49 => 'Symfony\\Component\\HttpKernel\\Controller\\ArgumentResolver\\RequestValueResolver',
  50 => 'Symfony\\Component\\HttpKernel\\Controller\\ArgumentResolver\\ServiceValueResolver',
  51 => 'Symfony\\Component\\HttpKernel\\Controller\\ArgumentResolver\\SessionValueResolver',
  52 => 'Symfony\\Component\\HttpKernel\\Controller\\ArgumentResolver\\TraceableValueResolver',
  53 => 'Symfony\\Component\\HttpKernel\\Controller\\ArgumentResolver\\VariadicValueResolver',
  54 => 'Symfony\\Component\\HttpKernel\\Controller\\ArgumentValueResolverInterface',
  55 => 'Symfony\\Component\\HttpKernel\\Controller\\ContainerControllerResolver',
  56 => 'Symfony\\Component\\HttpKernel\\Controller\\ControllerReference',
  57 => 'Symfony\\Component\\HttpKernel\\Controller\\ControllerResolver',
  58 => 'Symfony\\Component\\HttpKernel\\Controller\\ControllerResolverInterface',
  59 => 'Symfony\\Component\\HttpKernel\\Controller\\ErrorController',
  60 => 'Symfony\\Component\\HttpKernel\\Controller\\TraceableArgumentResolver',
  61 => 'Symfony\\Component\\HttpKernel\\Controller\\TraceableControllerResolver',
  62 => 'Symfony\\Component\\Security\\Http\\Controller\\UserValueResolver',
  63 => 'Twilio\\Rest\\Verify\\V2\\Service\\Entity\\ChallengeContext',
  64 => 'Twilio\\Rest\\Verify\\V2\\Service\\Entity\\ChallengeInstance',
  65 => 'Twilio\\Rest\\Verify\\V2\\Service\\Entity\\ChallengeList',
  66 => 'Twilio\\Rest\\Verify\\V2\\Service\\Entity\\ChallengeOptions',
  67 => 'Twilio\\Rest\\Verify\\V2\\Service\\Entity\\ChallengePage',
  68 => 'Twilio\\Rest\\Verify\\V2\\Service\\Entity\\Challenge\\NotificationInstance',
  69 => 'Twilio\\Rest\\Verify\\V2\\Service\\Entity\\Challenge\\NotificationList',
  70 => 'Twilio\\Rest\\Verify\\V2\\Service\\Entity\\Challenge\\NotificationOptions',
  71 => 'Twilio\\Rest\\Verify\\V2\\Service\\Entity\\Challenge\\NotificationPage',
  72 => 'Twilio\\Rest\\Verify\\V2\\Service\\Entity\\FactorContext',
  73 => 'Twilio\\Rest\\Verify\\V2\\Service\\Entity\\FactorInstance',
  74 => 'Twilio\\Rest\\Verify\\V2\\Service\\Entity\\FactorList',
  75 => 'Twilio\\Rest\\Verify\\V2\\Service\\Entity\\FactorOptions',
  76 => 'Twilio\\Rest\\Verify\\V2\\Service\\Entity\\FactorPage',
  77 => 'Twilio\\Rest\\Verify\\V2\\Service\\Entity\\NewFactorInstance',
  78 => 'Twilio\\Rest\\Verify\\V2\\Service\\Entity\\NewFactorList',
  79 => 'Twilio\\Rest\\Verify\\V2\\Service\\Entity\\NewFactorOptions',
  80 => 'Twilio\\Rest\\Verify\\V2\\Service\\Entity\\NewFactorPage',
);